  Page 1                                    Fri Jun 26 11:17:52 2026

  ******************************************************************
  *                           E P A N E T                          *
  *                   Hydraulic and Water Quality                  *
  *                   Analysis for Pipe Networks                   *
  *                         Version 2.2                            *
  ******************************************************************
  
   
      Input Data File ................... temp.inp
      Number of Junctions................ 14
      Number of Reservoirs............... 1
      Number of Tanks ................... 4
      Number of Pipes ................... 19
      Number of Pumps ................... 0
      Number of Valves .................. 0
      Headloss Formula .................. Hazen-Williams
      Nodal Demand Model ................ DDA
      Hydraulic Timestep ................ 1.00 min
      Hydraulic Accuracy ................ 0.001000
      Status Check Frequency ............ 2
      Maximum Trials Checked ............ 10
      Damping Limit Threshold ........... 0.000000
      Maximum Trials .................... 200
      Quality Analysis .................. None
      Specific Gravity .................. 1.00
      Relative Kinematic Viscosity ...... 1.00
      Relative Chemical Diffusivity ..... 1.00
      Demand Multiplier ................. 1.00
      Total Duration .................... 120.00 min
      Reporting Criteria:
         No Nodes
         No Links
   
  Analysis begun Fri Jun 26 11:17:52 2026

  Analysis ended Fri Jun 26 11:17:52 2026
